[dotenv@17.3.1] injecting env (5) from .env -- tip: ΓÜÖ∩╕Å  specify custom .env file path with { path: '/custom/path/.env' }

Running 1 test using 1 worker

[dotenv@17.3.1] injecting env (5) from .env -- tip: ΓÜí∩╕Å secrets for agents: https://dotenvx.com/as2
  Γ£ÿ  1 recyclablesproducts.spec.js:29:5 ΓÇ║ Recyclables Product - Add Product Modal ΓÇ║ Validate mandatory fields (10.0s)


  1) recyclablesproducts.spec.js:29:5 ΓÇ║ Recyclables Product - Add Product Modal ΓÇ║ Validate mandatory fields 

    Error: [2mexpect([22m[31mlocator[39m[2m).[22mtoHaveValue[2m([22m[32mexpected[39m[2m)[22m failed

    Locator: getByRole('textbox', { name: /Rate/i })
    Expected: [32m""[39m
    Timeout: 5000ms
    Error: element(s) not found

    Call log:
    [2m  - Expect "toHaveValue" with timeout 5000ms[22m
    [2m  - waiting for getByRole('textbox', { name: /Rate/i })[22m


      47 |
      48 |         // Other fields like Rate and CO2 Factor might be empty but not showing errors yet
    > 49 |         await expect(page.getByRole('textbox', { name: /Rate/i })).toHaveValue('');
         |                                                                    ^
      50 |         await expect(page.getByRole('textbox', { name: /CO2 Factor/i })).toHaveValue('');
      51 |     });
      52 |
        at C:\Users\yedhu\playwright-project\playwright\tharwah\tharwahui\recyclablesproducts.spec.js:49:68

    Error Context: ..\..\..\test-results\recyclablesproducts-Recycl-7d3d4-l-Validate-mandatory-fields\error-context.md

  1 failed
    recyclablesproducts.spec.js:29:5 ΓÇ║ Recyclables Product - Add Product Modal ΓÇ║ Validate mandatory fields 
